     1                                  ;naskfunc,用汇编实现HALT(HLT)
     2                                  ;TAB = 4 
     3                                  
     4                                  ; [FORMAT"WCOFF"]                     ;制作目标文件的模式,创建对象文件的模式；在NASM中出错，因此删除该行
     5                                  [BITS 32]                           ;制作32位模式用的机器语言
     6                                  
     7                                  ;制作目标文件的信息
     8                                  
     9                                  ;[FIEL"naskfunc.nas"]               ;源文件名信息
    10                                  ; GLOBAL _io_hlt                    nasm中出错,修正
    11                                  GLOBAL io_hlt                       ;程序中包含的函数名,需以下划线开头.注意要在函数名的前面加上“_”，否则就不能很好地与C语言函数链接。需要链接的函数名，都要用GLOBAL1指令声明。
    12                                  
    13                                  [SECTION .text]                     ;目标文件中写了这些之后再写程序
    14                                  
    15                                  ;_io_hlt:	; void io_hlt(void);    nasm中出错,修正
    16                                  io_hlt:    ;void io_hlt(void);
    17                                  
    18 00000000 F4                          HLT
    19 00000001 C3                          RET     ;RET:Return缩写
